The next train to Oatley from Allawah departs at 02:44:55
