The next train to Vineyard from Campsie departs at 00:07:54
