The next train to Gymea from Waverton departs at 08:52:43
