The next train to Gymea from Waverton departs at 03:45:43
