The next train to Windsor from Clyde departs at 11:12:11
