The next train to Windsor from Waverton departs at 20:00:01
