The next train to Westmead from Werrington departs at 00:00:00
